
> build
> vite build

[36mvite v6.3.5 [32mbuilding for production...[36m[39m
transforming...
[32m✓[39m 2238 modules transformed.
[31m✗[39m Build failed in 8.93s
[31merror during build:
[31m[vite:load-fallback] Could not load E:\Sites\mo-boards\resources\js/components/TemplateEditor.vue (imported by resources/js/pages/contract-templates/ModalCreate.vue?vue&type=script&setup=true&lang.ts): ENOENT: no such file or directory, open 'E:\Sites\mo-boards\resources\js\components\TemplateEditor.vue'[31m
    at async open (node:internal/fs/promises:633:25)
    at async Object.readFile (node:internal/fs/promises:1237:14)
    at async Object.handler (file:///E:/Sites/mo-boards/node_modules/vite/dist/node/chunks/dep-DBxKXgDP.js:45843:27)
    at async PluginDriver.hookFirstAndGetPlugin (file:///E:/Sites/mo-boards/node_modules/rollup/dist/es/shared/node-entry.js:22233:28)
    at async file:///E:/Sites/mo-boards/node_modules/rollup/dist/es/shared/node-entry.js:21237:33
    at async Queue.work (file:///E:/Sites/mo-boards/node_modules/rollup/dist/es/shared/node-entry.js:22461:32)[39m
